// Jest Snapshot v1, https://goo.gl/fbAQLP

exports[`Forecast weather component renders as expected 1`] = `
<FlatList
  data={
    Array [
      Object {
        "day": "Mon",
        "icon": "01d",
        "temp": "26º/12ºC",
      },
      Object {
        "day": "Tue",
        "icon": "03d",
        "temp": "27º/11ºC",
      },
      Object {
        "day": "Wed",
        "icon": "02d",
        "temp": "26º/14ºC",
      },
      Object {
        "day": "Thu",
        "icon": "10d",
        "temp": "23º/12ºC",
      },
      Object {
        "day": "Fri",
        "icon": "10d",
        "temp": "15º/9ºC",
      },
    ]
  }
  disableVirtualization={false}
  horizontal={false}
  initialNumToRender={10}
  keyExtractor={[Function]}
  maxToRenderPerBatch={10}
  numColumns={1}
  onEndReachedThreshold={2}
  removeClippedSubviews={false}
  renderItem={[Function]}
  scrollEventThrottle={50}
  updateCellsBatchingPeriod={50}
  windowSize={21}
/>
`;
